[    0.000000] Linux version 4.15.0-209-generic (buildd@lcy02-amd64-091) (gcc version 7.5.0 (Ubuntu 7.5.0-3ubuntu1~18.04)) #220-Ubuntu SMP Tue Mar 21 17:52:18 UTC 2023 (Ubuntu 4.15.0-209.220-generic 4.15.18)
[    0.000000] Command line: BOOT_IMAGE=/boot/vmlinuz-4.15.0-209-generic root=LABEL=cloudimg-rootfs ro console=tty1 console=ttyS0
[    0.000000] KERNEL supported cpus:
[    0.000000]   Intel GenuineIntel
[    0.000000]   AMD AuthenticAMD
[    0.000000]   Centaur CentaurHauls
[    0.000000] x86/fpu: Supporting XSAVE feature 0x001: 'x87 floating point registers'
[    0.000000] x86/fpu: Supporting XSAVE feature 0x002: 'SSE registers'
[    0.000000] x86/fpu: Supporting XSAVE feature 0x004: 'AVX registers'
[    0.000000] x86/fpu: xstate_offset[2]:  576, xstate_sizes[2]:  256
[    0.000000] x86/fpu: Enabled xstate features 0x7, context size is 832 bytes, using 'standard' format.
[    0.000000] e820: BIOS-provided physical RAM map:
[    0.000000] BIOS-e820: [mem 0x0000000000000000-0x000000000009fbff] usable
[    0.000000] BIOS-e820: [mem 0x000000000009fc00-0x000000000009ffff] reserved
[    0.000000] BIOS-e820: [mem 0x00000000000f0000-0x00000000000fffff] reserved
[    0.000000] BIOS-e820: [mem 0x0000000000100000-0x000000003ffeffff] usable
[    0.000000] BIOS-e820: [mem 0x000000003fff0000-0x000000003fffffff] ACPI data
[    0.000000] BIOS-e820: [mem 0x00000000fec00000-0x00000000fec00fff] reserved
[    0.000000] BIOS-e820: [mem 0x00000000fee00000-0x00000000fee00fff] reserved
[    0.000000] BIOS-e820: [mem 0x00000000fffc0000-0x00000000ffffffff] reserved
[    0.000000] NX (Execute Disable) protection: active
[    0.000000] SMBIOS 2.5 present.
[    0.000000] DMI: innotek GmbH VirtualBox/VirtualBox, BIOS VirtualBox 12/01/2006
[    0.000000] Hypervisor detected: KVM
[    0.000000] e820: last_pfn = 0x3fff0 max_arch_pfn = 0x400000000
[    0.000000] MTRR: Disabled
[    0.000000] x86/PAT: MTRRs disabled, skipping PAT initialization too.
[    0.000000] CPU MTRRs all blank - virtualized system.
[    0.000000] x86/PAT: Configuration [0-7]: WB  WT  UC- UC  WB  WT  UC- UC  
[    0.000000] found SMP MP-table at [mem 0x0009fff0-0x0009ffff]
[    0.000000] Scanning 1 areas for low memory corruption
[    0.000000] RAMDISK: [mem 0x359c9000-0x36cdbfff]
[    0.000000] ACPI: Early table checksum verification disabled
[    0.000000] ACPI: RSDP 0x00000000000E0000 000024 (v02 VBOX  )
[    0.000000] ACPI: XSDT 0x000000003FFF0030 00003C (v01 VBOX   VBOXXSDT 00000001 ASL  00000061)
[    0.000000] ACPI: FACP 0x000000003FFF00F0 0000F4 (v04 VBOX   VBOXFACP 00000001 ASL  00000061)
[    0.000000] ACPI: DSDT 0x000000003FFF0610 002353 (v02 VBOX   VBOXBIOS 00000002 INTL 20210930)
[    0.000000] ACPI: FACS 0x000000003FFF0200 000040
[    0.000000] ACPI: FACS 0x000000003FFF0200 000040
[    0.000000] ACPI: APIC 0x000000003FFF0240 00005C (v02 VBOX   VBOXAPIC 00000001 ASL  00000061)
[    0.000000] ACPI: SSDT 0x000000003FFF02A0 00036C (v01 VBOX   VBOXCPUT 00000002 INTL 20210930)
[    0.000000] ACPI: Reserving FACP table memory at [mem 0x3fff00f0-0x3fff01e3]
[    0.000000] ACPI: Reserving DSDT table memory at [mem 0x3fff0610-0x3fff2962]
[    0.000000] ACPI: Reserving FACS table memory at [mem 0x3fff0200-0x3fff023f]
[    0.000000] ACPI: Reserving FACS table memory at [mem 0x3fff0200-0x3fff023f]
[    0.000000] ACPI: Reserving APIC table memory at [mem 0x3fff0240-0x3fff029b]
[    0.000000] ACPI: Reserving SSDT table memory at [mem 0x3fff02a0-0x3fff060b]
[    0.000000] No NUMA configuration found
[    0.000000] Faking a node at [mem 0x0000000000000000-0x000000003ffeffff]
[    0.000000] NODE_DATA(0) allocated [mem 0x3ffc5000-0x3ffeffff]
[    0.000000] kvm-clock: cpu 0, msr 0:3ff44001, primary cpu clock
[    0.000000] kvm-clock: Using msrs 4b564d01 and 4b564d00
[    0.000000] kvm-clock: using sched offset of 4856685883 cycles
[    0.000000] clocksource: kvm-clock: mask: 0xffffffffffffffff max_cycles: 0x1cd42e4dffb, max_idle_ns: 881590591483 ns
[    0.000000] Zone ranges:
[    0.000000]   DMA      [mem 0x0000000000001000-0x0000000000ffffff]
[    0.000000]   DMA32    [mem 0x0000000001000000-0x000000003ffeffff]
[    0.000000]   Normal   empty
[    0.000000]   Device   empty
[    0.000000] Movable zone start for each node
[    0.000000] Early memory node ranges
[    0.000000]   node   0: [mem 0x0000000000001000-0x000000000009efff]
[    0.000000]   node   0: [mem 0x0000000000100000-0x000000003ffeffff]
[    0.000000] Reserved but unavailable: 104 pages
[    0.000000] Initmem setup node 0 [mem 0x0000000000001000-0x000000003ffeffff]
[    0.000000] ACPI: PM-Timer IO Port: 0x4008
[    0.000000] IOAPIC[0]: apic_id 2, version 32, address 0xfec00000, GSI 0-23
[    0.000000] ACPI: INT_SRC_OVR (bus 0 bus_irq 0 global_irq 2 dfl dfl)
[    0.000000] ACPI: INT_SRC_OVR (bus 0 bus_irq 9 global_irq 9 low level)
[    0.000000] Using ACPI (MADT) for SMP configuration information
[    0.000000] smpboot: Allowing 2 CPUs, 0 hotplug CPUs
[    0.000000] PM: Registered nosave memory: [mem 0x00000000-0x00000fff]
[    0.000000] PM: Registered nosave memory: [mem 0x0009f000-0x0009ffff]
[    0.000000] PM: Registered nosave memory: [mem 0x000a0000-0x000effff]
[    0.000000] PM: Registered nosave memory: [mem 0x000f0000-0x000fffff]
[    0.000000] e820: [mem 0x40000000-0xfebfffff] available for PCI devices
[    0.000000] Booting paravirtualized kernel on KVM
[    0.000000] clocksource: refined-jiffies: mask: 0xffffffff max_cycles: 0xffffffff, max_idle_ns: 7645519600211568 ns
[    0.000000] setup_percpu: NR_CPUS:8192 nr_cpumask_bits:2 nr_cpu_ids:2 nr_node_ids:1
[    0.000000] percpu: Embedded 50 pages/cpu s167936 r8192 d28672 u1048576
[    0.000000] PV qspinlock hash table entries: 256 (order: 0, 4096 bytes)
[    0.000000] Built 1 zonelists, mobility grouping on.  Total pages: 257913
[    0.000000] Policy zone: DMA32
[    0.000000] Kernel command line: BOOT_IMAGE=/boot/vmlinuz-4.15.0-209-generic root=LABEL=cloudimg-rootfs ro console=tty1 console=ttyS0
[    0.000000] Memory: 982640K/1048120K available (12300K kernel code, 2477K rwdata, 4324K rodata, 2480K init, 2720K bss, 65480K reserved, 0K cma-reserved)
[    0.000000] SLUB: HWalign=64, Order=0-3, MinObjects=0, CPUs=2, Nodes=1
[    0.000000] Kernel/User page tables isolation: enabled
[    0.000000] ftrace: allocating 39506 entries in 155 pages
[    0.004000] Hierarchical RCU implementation.
[    0.004000] 	RCU restricting CPUs from NR_CPUS=8192 to nr_cpu_ids=2.
[    0.004000] 	Tasks RCU enabled.
[    0.004000] RCU: Adjusting geometry for rcu_fanout_leaf=16, nr_cpu_ids=2
[    0.004000] NR_IRQS: 524544, nr_irqs: 440, preallocated irqs: 16
[    0.004000] random: crng init done
[    0.004000] Console: colour VGA+ 80x25
[    0.004000] console [tty1] enabled
[    0.004000] console [ttyS0] enabled
[    0.004000] ACPI: Core revision 20170831
[    0.004000] ACPI: 2 ACPI AML tables successfully acquired and loaded
[    0.004000] APIC: Switch to symmetric I/O mode setup
[    0.005735] x2apic enabled
[    0.008022] Switched APIC routing to physical x2apic.
[    0.016000] ..TIMER: vector=0x30 apic1=0 pin1=2 apic2=-1 pin2=-1
[    0.016007] tsc: Detected 2710.558 MHz processor
[    0.020016] Calibrating delay loop (skipped) preset value.. 5421.11 BogoMIPS (lpj=10842232)
[    0.024008] pid_max: default: 32768 minimum: 301
[    0.028067] Security Framework initialized
[    0.032007] Yama: becoming mindful.
[    0.036073] AppArmor: AppArmor initialized
[    0.042311] Dentry cache hash table entries: 131072 (order: 8, 1048576 bytes)
[    0.048270] Inode-cache hash table entries: 65536 (order: 7, 524288 bytes)
[    0.052073] Mount-cache hash table entries: 2048 (order: 2, 16384 bytes)
[    0.056047] Mountpoint-cache hash table entries: 2048 (order: 2, 16384 bytes)
[    0.064255] Last level iTLB entries: 4KB 64, 2MB 8, 4MB 8
[    0.067928] Last level dTLB entries: 4KB 64, 2MB 0, 4MB 0, 1GB 4
[    0.068007] Spectre V1 : Mitigation: usercopy/swapgs barriers and __user pointer sanitization
[    0.072011] Spectre V2 : Mitigation: Retpolines
[    0.076007] Spectre V2 : Spectre v2 / SpectreRSB mitigation: Filling RSB on context switch
[    0.080006] Spectre V2 : Spectre v2 / SpectreRSB : Filling RSB on VMEXIT
[    0.084007] Speculative Store Bypass: Vulnerable
[    0.088052] MDS: Mitigation: Clear CPU buffers
[    0.092012] MMIO Stale Data: Unknown: No mitigations
[    0.096007] SRBDS: Unknown: Dependent on hypervisor status
[    0.100175] Freeing SMP alternatives memory: 36K
[    0.220008] APIC calibration not consistent with PM-Timer: 101ms instead of 100ms
[    0.224000] APIC delta adjusted to PM-Timer: 6323662 (6400863)
[    0.224270] smpboot: CPU0: Intel(R) Core(TM) i5-5257U CPU @ 2.70GHz (family: 0x6, model: 0x3d, stepping: 0x4)
[    0.232134] Performance Events: unsupported p6 CPU model 61 no PMU driver, software events only.
[    0.236112] Hierarchical SRCU implementation.
[    0.240797] NMI watchdog: Perf event create on CPU 0 failed with -2
[    0.244008] NMI watchdog: Perf NMI watchdog permanently disabled
[    0.248215] smp: Bringing up secondary CPUs ...
[    0.252533] x86: Booting SMP configuration:
[    0.256008] .... node  #0, CPUs:      #1
[    0.004000] kvm-clock: cpu 1, msr 0:3ff44041, secondary cpu clock
[    0.272076] smp: Brought up 1 node, 2 CPUs
[    0.276016] smpboot: Max logical packages: 1
[    0.280010] smpboot: Total of 2 processors activated (10842.23 BogoMIPS)
[    0.284305] devtmpfs: initialized
[    0.288125] x86/mm: Memory block size: 128MB
[    0.292514] evm: security.selinux
[    0.296008] evm: security.SMACK64
[    0.298820] evm: security.SMACK64EXEC
[    0.300007] evm: security.SMACK64TRANSMUTE
[    0.304007] evm: security.SMACK64MMAP
[    0.306700] evm: security.apparmor
[    0.308007] evm: security.ima
[    0.312006] evm: security.capability
[    0.316348] clocksource: jiffies: mask: 0xffffffff max_cycles: 0xffffffff, max_idle_ns: 7645041785100000 ns
[    0.320048] futex hash table entries: 512 (order: 3, 32768 bytes)
[    0.324067] pinctrl core: initialized pinctrl subsystem
[    0.332005] RTC time:  4:21:52, date: 04/27/23
[    0.336463] NET: Registered protocol family 16
[    0.340113] audit: initializing netlink subsys (disabled)
[    0.344113] audit: type=2000 audit(1682569317.276:1): state=initialized audit_enabled=0 res=1
[    0.344482] cpuidle: using governor ladder
[    0.348021] cpuidle: using governor menu
[    0.352137] ACPI: bus type PCI registered
[    0.356008] acpiphp: ACPI Hot Plug PCI Controller Driver version: 0.5
[    0.360440] PCI: Using configuration type 1 for base access
[    0.372417] HugeTLB registered 2.00 MiB page size, pre-allocated 0 pages
[    0.380150] ACPI: Added _OSI(Module Device)
[    0.384017] ACPI: Added _OSI(Processor Device)
[    0.388006] ACPI: Added _OSI(3.0 _SCP Extensions)
[    0.392008] ACPI: Added _OSI(Processor Aggregator Device)
[    0.396009] ACPI: Added _OSI(Linux-Dell-Video)
[    0.400008] ACPI: Added _OSI(Linux-Lenovo-NV-HDMI-Audio)
[    0.404011] ACPI: Added _OSI(Linux-HPI-Hybrid-Graphics)
[    0.412403] ACPI: Executed 1 blocks of module-level executable AML code
[    0.424878] ACPI: Interpreter enabled
[    0.428033] ACPI: (supports S0 S5)
[    0.432009] ACPI: Using IOAPIC for interrupt routing
[    0.436473] PCI: Using host bridge windows from ACPI; if necessary, use "pci=nocrs" and report a bug
[    0.440289] ACPI: Enabled 2 GPEs in block 00 to 07
[    0.456101] ACPI: PCI Root Bridge [PCI0] (domain 0000 [bus 00-ff])
[    0.460021] acpi PNP0A03:00: _OSC: OS supports [ASPM ClockPM Segments MSI]
[    0.465021] acpi PNP0A03:00: _OSC: not requesting OS control; OS requires [ExtendedConfig ASPM ClockPM MSI]
[    0.468027] acpi PNP0A03:00: fail to add MMCONFIG information, can't access extended PCI configuration space under this bridge.
[    0.476324] PCI host bridge to bus 0000:00
[    0.480010] pci_bus 0000:00: root bus resource [io  0x0000-0x0cf7 window]
[    0.484015] pci_bus 0000:00: root bus resource [io  0x0d00-0xffff window]
[    0.488016] pci_bus 0000:00: root bus resource [mem 0x000a0000-0x000bffff window]
[    0.496012] pci_bus 0000:00: root bus resource [mem 0x40000000-0xfdffffff window]
[    0.500013] pci_bus 0000:00: root bus resource [bus 00-ff]
[    0.532602] pci 0000:00:01.1: legacy IDE quirk: reg 0x10: [io  0x01f0-0x01f7]
[    0.536055] pci 0000:00:01.1: legacy IDE quirk: reg 0x14: [io  0x03f6]
[    0.540013] pci 0000:00:01.1: legacy IDE quirk: reg 0x18: [io  0x0170-0x0177]
[    0.544013] pci 0000:00:01.1: legacy IDE quirk: reg 0x1c: [io  0x0376]
[    0.612994] pci 0000:00:07.0: quirk: [io  0x4000-0x403f] claimed by PIIX4 ACPI
[    0.616054] pci 0000:00:07.0: quirk: [io  0x4100-0x410f] claimed by PIIX4 SMB
[    0.642979] ACPI: PCI Interrupt Link [LNKA] (IRQs 5 9 10 *11)
[    0.644853] ACPI: PCI Interrupt Link [LNKB] (IRQs 5 9 *10 11)
[    0.648248] ACPI: PCI Interrupt Link [LNKC] (IRQs 5 *9 10 11)
[    0.652245] ACPI: PCI Interrupt Link [LNKD] (IRQs 5 9 10 *11)
[    0.660664] SCSI subsystem initialized
[    0.664123] pci 0000:00:02.0: vgaarb: setting as boot VGA device
[    0.668000] pci 0000:00:02.0: vgaarb: VGA device added: decodes=io+mem,owns=io+mem,locks=none
[    0.668013] pci 0000:00:02.0: vgaarb: bridge control possible
[    0.672007] vgaarb: loaded
[    0.676070] ACPI: bus type USB registered
[    0.680066] usbcore: registered new interface driver usbfs
[    0.684050] usbcore: registered new interface driver hub
[    0.688029] usbcore: registered new device driver usb
[    0.692212] EDAC MC: Ver: 3.0.0
[    0.696250] PCI: Using ACPI for IRQ routing
[    0.704583] NetLabel: Initializing
[    0.708006] NetLabel:  domain hash size = 128
[    0.712007] NetLabel:  protocols = UNLABELED CIPSOv4 CALIPSO
[    0.716033] NetLabel:  unlabeled traffic allowed by default
[    0.720220] clocksource: Switched to clocksource kvm-clock
[    0.759357] VFS: Disk quotas dquot_6.6.0
[    0.773012] VFS: Dquot-cache hash table entries: 512 (order 0, 4096 bytes)
[    0.790427] AppArmor: AppArmor Filesystem Enabled
[    0.795802] pnp: PnP ACPI init
[    0.800599] pnp: PnP ACPI: found 3 devices
[    0.832423] clocksource: acpi_pm: mask: 0xffffff max_cycles: 0xffffff, max_idle_ns: 2085701024 ns
[    0.848394] NET: Registered protocol family 2
[    0.851804] IP idents hash table entries: 16384 (order: 5, 131072 bytes)
[    0.860751] TCP established hash table entries: 8192 (order: 4, 65536 bytes)
[    0.867783] TCP bind hash table entries: 8192 (order: 5, 131072 bytes)
[    0.872953] TCP: Hash tables configured (established 8192 bind 8192)
[    0.879913] UDP hash table entries: 512 (order: 2, 16384 bytes)
[    0.893277] UDP-Lite hash table entries: 512 (order: 2, 16384 bytes)
[    0.897576] NET: Registered protocol family 1
[    0.902148] pci 0000:00:00.0: Limiting direct PCI/PCI transfers
[    0.908922] pci 0000:00:01.0: Activating ISA DMA hang workarounds
[    0.915948] pci 0000:00:02.0: Video device with shadowed ROM at [mem 0x000c0000-0x000dffff]
[    0.928441] Unpacking initramfs...
[    1.421166] Freeing initrd memory: 19532K
[    1.426911] clocksource: tsc: mask: 0xffffffffffffffff max_cycles: 0x27123462607, max_idle_ns: 440795317466 ns
[    1.435010] platform rtc_cmos: registered platform RTC device (no PNP device found)
[    1.450549] Scanning for low memory corruption every 60 seconds
[    1.456270] Initialise system trusted keyrings
[    1.461264] Key type blacklist registered
[    1.467110] workingset: timestamp_bits=36 max_order=18 bucket_order=0
[    1.477983] zbud: loaded
[    1.482317] squashfs: version 4.0 (2009/01/31) Phillip Lougher
[    1.492297] fuse init (API version 7.26)
[    1.520219] Key type asymmetric registered
[    1.523069] Asymmetric key parser 'x509' registered
[    1.530004] Block layer SCSI generic (bsg) driver version 0.4 loaded (major 246)
[    1.536340] io scheduler noop registered
[    1.539062] io scheduler deadline registered
[    1.550438] io scheduler cfq registered (default)
[    1.557263] ACPI: AC Adapter [AC] (on-line)
[    1.560491] input: Power Button as /devices/LNXSYSTM:00/LNXPWRBN:00/input/input0
[    1.568584] ACPI: Power Button [PWRF]
[    1.577151] input: Sleep Button as /devices/LNXSYSTM:00/LNXSLPBN:00/input/input1
[    1.585728] ACPI: Sleep Button [SLPF]
[    1.593354] ACPI: Battery Slot [BAT0] (battery present)
[    1.593366] Serial: 8250/16550 driver, 32 ports, IRQ sharing enabled
[    1.653736] 00:02: ttyS0 at I/O 0x3f8 (irq = 4, base_baud = 115200) is a 16550A
[    1.692124] Linux agpgart interface v0.103
[    1.710397] loop: module loaded
[    1.717454] scsi host0: ata_piix
[    1.723242] scsi host1: ata_piix
[    1.730786] ata1: PATA max UDMA/33 cmd 0x1f0 ctl 0x3f6 bmdma 0xd000 irq 14
[    1.738435] ata2: PATA max UDMA/33 cmd 0x170 ctl 0x376 bmdma 0xd008 irq 15
[    1.752070] tun: Universal TUN/TAP device driver, 1.6
[    1.779741] PPP generic driver version 2.4.2
[    1.789063] ehci_hcd: USB 2.0 'Enhanced' Host Controller (EHCI) Driver
[    1.798879] ehci-pci: EHCI PCI platform driver
[    1.804694] ehci-platform: EHCI generic platform driver
[    1.848612] ohci_hcd: USB 1.1 'Open' Host Controller (OHCI) Driver
[    1.859411] ohci-pci: OHCI PCI platform driver
[    1.865882] ohci-platform: OHCI generic platform driver
[    1.869734] uhci_hcd: USB Universal Host Controller Interface driver
[    1.892365] i8042: PNP: PS/2 Controller [PNP0303:PS2K,PNP0f03:PS2M] at 0x60,0x64 irq 1,12
[    1.917046] serio: i8042 KBD port at 0x60,0x64 irq 1
[    1.926673] serio: i8042 AUX port at 0x60,0x64 irq 12
[    1.956489] mousedev: PS/2 mouse device common for all mice
[    2.001226] input: AT Translated Set 2 keyboard as /devices/platform/i8042/serio0/input/input2
[    2.004473] rtc_cmos rtc_cmos: rtc core: registered rtc_cmos as rtc0
[    2.020013] rtc_cmos rtc_cmos: alarms up to one day, 114 bytes nvram
[    2.028309] i2c /dev entries driver
[    2.032257] device-mapper: uevent: version 1.0.3
[    2.041200] device-mapper: ioctl: 4.37.0-ioctl (2017-09-20) initialised: dm-devel@redhat.com
[    2.052044] ledtrig-cpu: registered to indicate activity on CPUs
[    2.061631] NET: Registered protocol family 10
[    2.075116] Segment Routing with IPv6
[    2.086046] NET: Registered protocol family 17
[    2.103528] Key type dns_resolver registered
[    2.112250] mce: Using 0 MCE banks
[    2.116223] RAS: Correctable Errors collector initialized.
[    2.116223] sched_clock: Marking stable (2112223991, 0)->(3437777126, -1325553135)
[    2.133744] registered taskstats version 1
[    2.137443] Loading compiled-in X.509 certificates
[    2.151386] Loaded X.509 cert 'Build time autogenerated kernel key: 34a8448b8ea51591fef45052227f4b706811bd64'
[    2.165521] Loaded X.509 cert 'Canonical Ltd. Live Patch Signing: 14df34d1a87cf37625abec039ef2bf521249b969'
[    2.183727] Loaded X.509 cert 'Canonical Ltd. Kernel Module Signing: 88f752e560a1e0737e31163a466ad7b70a850c19'
[    2.192873] blacklist: Loading compiled-in revocation X.509 certificates
[    2.199159] Loaded X.509 cert 'Canonical Ltd. Secure Boot Signing: 61482aa2830d0ab2ad5af10b7250da9033ddcef0'
[    2.207938] Loaded X.509 cert 'Canonical Ltd. Secure Boot Signing (2017): 242ade75ac4a15e50d50c84b0d45ff3eae707a03'
[    2.219782] Loaded X.509 cert 'Canonical Ltd. Secure Boot Signing (ESM 2018): 365188c1d374d6b07c3c8f240f8ef722433d6a8b'
[    2.232860] Loaded X.509 cert 'Canonical Ltd. Secure Boot Signing (2019): c0746fd6c5da3ae827864651ad66ae47fe24b3e8'
[    2.244988] Loaded X.509 cert 'Canonical Ltd. Secure Boot Signing (2021 v1): a8d54bbb3825cfb94fa13c9f8a594a195c107b8d'
[    2.255320] Loaded X.509 cert 'Canonical Ltd. Secure Boot Signing (2021 v2): 4cf046892d6fd3c9a5b03f98d845f90851dc6a8c'
[    2.265807] Loaded X.509 cert 'Canonical Ltd. Secure Boot Signing (2021 v3): 100437bb6de6e469b581e61cd66bce3ef4ed53af'
[    2.284572] Loaded X.509 cert 'Canonical Ltd. Secure Boot Signing (Ubuntu Core 2019): c1d57b8f6b743f23ee41f4f7ee292f06eecadfb9'
[    2.299759] zswap: loaded using pool lzo/zbud
[    2.318323] Key type big_key registered
[    2.322487] Key type trusted registered
[    2.330932] Key type encrypted registered
[    2.335595] AppArmor: AppArmor sha1 policy hashing enabled
[    2.339853] ima: No TPM chip found, activating TPM-bypass! (rc=-19)
[    2.346487] ima: Allocated hash algorithm: sha1
[    2.350963] evm: HMAC attrs: 0x1
[    2.387773]   Magic number: 3:262:364
[    2.393837] rtc_cmos rtc_cmos: setting system clock to 2023-04-27 04:21:54 UTC (1682569314)
[    2.401020] BIOS EDD facility v0.16 2004-Jun-25, 0 devices found
[    2.414141] EDD information not available.
[    2.421386] Freeing unused kernel image memory: 2480K
[    2.445176] Write protecting the kernel read-only data: 20480k
[    2.456432] Freeing unused kernel image memory: 2008K
[    2.462839] Freeing unused kernel image memory: 1820K
[    2.477986] x86/mm: Checked W+X mappings: passed, no W+X pages found.
[    2.483271] x86/mm: Checking user space page tables
[    2.503931] x86/mm: Checked W+X mappings: passed, no W+X pages found.
Loading, please wait...
starting version 237
[    2.649684] Fusion MPT base driver 3.04.20
[    2.649777] e1000: Intel(R) PRO/1000 Network Driver - version 7.3.21-k8-NAPI
[    2.655972] Copyright (c) 1999-2008 LSI Corporation
[    2.667154] e1000: Copyright (c) 1999-2006 Intel Corporation.
[    2.707776] Fusion MPT SPI Host driver 3.04.20
[    2.727003] AVX2 version of gcm_enc/dec engaged.
[    2.734741] AES CTR mode by8 optimization enabled
[    2.950864] input: ImExPS/2 Generic Explorer Mouse as /devices/platform/i8042/serio1/input/input4
[    3.459890] e1000 0000:00:03.0 eth0: (PCI:33MHz:32-bit) 02:a3:74:7a:05:58
[    3.464934] e1000 0000:00:03.0 eth0: Intel(R) PRO/1000 Network Connection
[    3.479060] mptbase: ioc0: Initiating bringup
[    3.485442] e1000 0000:00:03.0 enp0s3: renamed from eth0
[    3.598176] ioc0: LSI53C1030 A0: Capabilities={Initiator}
[    3.854417] scsi host2: ioc0: LSI53C1030 A0, FwRev=00000000h, Ports=1, MaxQ=256, IRQ=20
[    4.030558] scsi 2:0:0:0: Direct-Access     VBOX     HARDDISK         1.0  PQ: 0 ANSI: 5
[    4.068684] scsi target2:0:0: Beginning Domain Validation
[    4.080548] scsi target2:0:0: Domain Validation skipping write tests
[    4.086539] scsi target2:0:0: Ending Domain Validation
[    4.091583] scsi target2:0:0: asynchronous
[    4.106250] scsi 2:0:1:0: Direct-Access     VBOX     HARDDISK         1.0  PQ: 0 ANSI: 5
[    4.140615] scsi target2:0:1: Beginning Domain Validation
[    4.152750] scsi target2:0:1: Domain Validation skipping write tests
[    4.157196] scsi target2:0:1: Ending Domain Validation
[    4.169082] scsi target2:0:1: asynchronous
[    4.186777] sd 2:0:0:0: Attached scsi generic sg0 type 0
[    4.189540] sd 2:0:0:0: [sda] 83886080 512-byte logical blocks: (42.9 GB/40.0 GiB)
[    4.193821] sd 2:0:1:0: Attached scsi generic sg1 type 0
[    4.278557] sd 2:0:0:0: [sda] Write Protect is off
[    4.405836] sd 2:0:0:0: [sda] Incomplete mode parameter data
[    4.416073] sd 2:0:0:0: [sda] Assuming drive cache: write through
[    4.426510] sd 2:0:1:0: [sdb] 20480 512-byte logical blocks: (10.5 MB/10.0 MiB)
[    4.436573] sd 2:0:1:0: [sdb] Write Protect is off
[    4.445143] sd 2:0:1:0: [sdb] Incomplete mode parameter data
[    4.455785] sd 2:0:1:0: [sdb] Assuming drive cache: write through
[    4.478315]  sda: sda1
[    4.494189] sd 2:0:1:0: [sdb] Attached SCSI disk
[    4.500607] sd 2:0:0:0: [sda] Attached SCSI disk
Begin: Loading essential drivers ... [    7.488120] raid6: sse2x1   gen()  5677 MB/s
[    7.540897] raid6: sse2x1   xor()  5076 MB/s
[    7.592079] raid6: sse2x2   gen()  8857 MB/s
[    7.641349] raid6: sse2x2   xor()  6421 MB/s
[    7.721369] raid6: sse2x4   gen()  8310 MB/s
[    7.772516] raid6: sse2x4   xor()  5882 MB/s
[    7.825285] raid6: avx2x1   gen() 10498 MB/s
[    7.883519] raid6: avx2x1   xor() 11253 MB/s
[    7.932272] raid6: avx2x2   gen() 16321 MB/s
[    7.980416] raid6: avx2x2   xor() 10271 MB/s
[    8.033274] raid6: avx2x4   gen() 16762 MB/s
[    8.084045] raid6: avx2x4   xor() 11207 MB/s
[    8.087242] raid6: using algorithm avx2x4 gen() 16762 MB/s
[    8.106354] raid6: .... xor() 11207 MB/s, rmw enabled
[    8.113176] raid6: using avx2x2 recovery algorithm
[    8.146777] xor: automatically using best checksumming function   avx       
[    8.173729] async_tx: api initialized (async)
done.
Begin: Running /scripts/init-premount ... done.
Begin: Mounting root file system ... Begin: Running /scripts/local-top ... done.
Begin: Running /scripts/local-premount ... [    8.415051] Btrfs loaded, crc32c=crc32c-intel
Scanning for Btrfs filesystems
done.
Warning: fsck not present, so skipping root file system
[    8.522310] EXT4-fs (sda1): mounted filesystem with ordered data mode. Opts: (null)
done.
Begin: Running /scripts/local-bottom ... done.
Begin: Running /scripts/init-bottom ... done.
[    8.864280] ip_tables: (C) 2000-2006 Netfilter Core Team
[    8.895255] systemd[1]: systemd 237 running in system mode. (+PAM +AUDIT +SELINUX +IMA +APPARMOR +SMACK +SYSVINIT +UTMP +LIBCRYPTSETUP +GCRYPT +GNUTLS +ACL +XZ +LZ4 +SECCOMP +BLKID +ELFUTILS +KMOD -IDN2 +IDN -PCRE2 default-hierarchy=hybrid)
[    8.917559] systemd[1]: Detected virtualization oracle.
[    8.922418] systemd[1]: Detected architecture x86-64.

Welcome to [1mUbuntu 18.04.6 LTS[0m!

[    8.976886] systemd[1]: Set hostname to <ubuntu>.
[    8.998823] systemd[1]: Initializing machine ID from random generator.
[    9.003823] systemd[1]: Installed transient /etc/machine-id file.
[    9.542407] systemd[1]: Created slice User and Session Slice.
[[0;32m  OK  [0m] Created slice User and Session Slice.
[    9.561991] systemd[1]: Reached target System Time Synchronized.
[[0;32m  OK  [0m] Reached target System Time Synchronized.
[    9.576134] systemd[1]: Started Forward Password Requests to Wall Directory Watch.
[[0;32m  OK  [0m] Started Forward Password Requests to Wall Directory Watch.
[    9.596868] systemd[1]: Reached target User and Group Name Lookups.
[[0;32m  OK  [0m] Reached target User and Group Name Lookups.
[[0;32m  OK  [0m] Reached target Swap.
[[0;32m  OK  [0m] Reached target Mounting snaps.
[[0;32m  OK  [0m] Reached target Mounted snaps.
[[0;32m  OK  [0m] Created slice System Slice.
[[0;32m  OK  [0m] Listening on Network Service Netlink Socket.
[[0;32m  OK  [0m] Listening on Device-mapper event daemon FIFOs.
[[0;32m  OK  [0m] Listening on fsck to fsckd communication Socket.
[[0;32m  OK  [0m] Listening on LVM2 metadata daemon socket.
[[0;32m  OK  [0m] Listening on Journal Socket.
         Starting Create list of required stâ€¦ce nodes for the current kernel...
         Starting File System Check on Root Device...
         Starting Uncomplicated firewall...
[[0;32m  OK  [0m] Listening on LVM2 poll daemon socket.
[[0;32m  OK  [0m] Listening on udev Kernel Socket.
         Starting Monitoring of LVM2 mirrorsâ€¦ng dmeventd or progress polling...
[[0;32m  OK  [0m] Listening on udev Control Socket.
         Starting udev Coldplug all Devices...
[[0;32m  OK  [0m] Listening on Journal Audit Socket.
         Mounting Huge Pages File System...
[[0;32m  OK  [0m] Listening on Journal Socket (/dev/log).
[[0;32m  OK  [0m] Listening on /dev/initctl Compatibility Named Pipe.
         Mounting POSIX Message Queue File System...
[[0;32m  OK  [0m] Listening on Syslog Socket.
         Starting Journal Service...
         Starting Set the console keyboard layout...
         Mounting Kernel Debug File System...
[[0;32m  OK  [0m] Created slice system-serial\x2dgetty.slice.
         Starting Load Kernel Modules...
[[0;32m  OK  [0m] Reached target Slices.
[[0;32m  OK  [0m] Set up automount Arbitrary Executabâ€¦rmats File System Automount Point.
[    9.923638] Loading iSCSI transport class v2.0-870.
[[0;32m  OK  [0m] Started Create list of required staâ€¦vice nodes for the current kernel.
[[0;32m  OK  [0m] Started File System Check on Root Device.
[[0;32m  OK  [0m] Started Uncomplicated firewall.
[[0;32m  OK  [0m] Started Journal Service.
[    9.985747] iscsi: registered transport (tcp)
[[0;32m  OK  [0m] Mounted Huge Pages File System.
[[0;32m  OK  [0m] Mounted POSIX Message Queue File System.
[[0;32m  OK  [0m] Mounted Kernel Debug File System.
[[0;32m  OK  [0m] Started LVM2 metadata daemon.
[[0;32m  OK  [0m] Started File System Check Daemon to report status.
         Starting Remount Root and Kernel File Systems...
         Starting Create Static Device Nodes in /dev...
[[0;32m  OK  [0m] Started udev Coldplug all Devices.
[   10.166843] EXT4-fs (sda1): re-mounted. Opts: (null)
[[0;32m  OK  [0m] Started Create Static Device Nodes in /dev.
[[0;32m  OK  [0m] Started Remount Root and Kernel File Systems.
         Starting Load/Save Random Seed...
         Starting Flush Journal to Persistent Storage...
         Starting udev Kernel Device Manager...
[[0;32m  OK  [0m] Started Monitoring of LVM2 mirrors,â€¦sing dmeventd or progress polling.
[   10.325744] iscsi: registered transport (iser)
[   10.340047] systemd-journald[416]: Received request to flush runtime journal from PID 1
[[0;32m  OK  [0m] Started Load Kernel Modules.
[[0;32m  OK  [0m] Started Load/Save Random Seed.
         Mounting FUSE Control File System...
         Mounting Kernel Configuration File System...
         Starting Apply Kernel Variables...
[[0;32m  OK  [0m] Mounted FUSE Control File System.
[[0;32m  OK  [0m] Mounted Kernel Configuration File System.
[[0;32m  OK  [0m] Started Apply Kernel Variables.
[[0;32m  OK  [0m] Started udev Kernel Device Manager.
[[0;32m  OK  [0m] Started Flush Journal to Persistent Storage.
[[0;32m  OK  [0m] Found device /dev/ttyS0.
[[0;32m  OK  [0m] Listening on Load/Save RF Kill Switch Status /dev/rfkill Watch.
         Mounting Arbitrary Executable File Formats File System...
[[0;32m  OK  [0m] Mounted Arbitrary Executable File Formats File System.
[[0;32m  OK  [0m] Started Set the console keyboard layout.
[[0;32m  OK  [0m] Started Dispatch Password Requests to Console Directory Watch.
[[0;32m  OK  [0m] Reached target Local Encrypted Volumes.
[[0;32m  OK  [0m] Reached target Local File Systems (Pre).
[[0;32m  OK  [0m] Reached target Local File Systems.
         Starting ebtables ruleset management...
         Starting Tell Plymouth To Write Out Runtime Data...
         Starting AppArmor initialization...
         Starting Commit a transient machine-id on disk...
         Starting Set console font and keymap...
         Starting Create Volatile Files and Directories...
[[0;32m  OK  [0m] Started Tell Plymouth To Write Out Runtime Data.
[[0;32m  OK  [0m] Started Create Volatile Files and Directories.
         Starting Update UTMP about System Boot/Shutdown...
[[0;32m  OK  [0m] Started Commit a transient machine-id on disk.
[[0;32m  OK  [0m] Started Update UTMP about System Boot/Shutdown.
[[0;32m  OK  [0m] Started ebtables ruleset management.
[[0;32m  OK  [0m] Started AppArmor initialization.
         Starting Initial cloud-init job (pre-networking)...
         Starting Load AppArmor profiles managed internally by snapd...
[[0;32m  OK  [0m] Started Load AppArmor profiles managed internally by snapd.
[[0;32m  OK  [0m] Started Set console font and keymap.
[   20.986704] cloud-init[774]: Cloud-init v. 23.1.1-0ubuntu0~18.04.1 running 'init-local' at Thu, 27 Apr 2023 04:22:12 +0000. Up 20.40 seconds.
[[0;32m  OK  [0m] Started Initial cloud-init job (pre-networking).
[[0;32m  OK  [0m] Reached target Network (Pre).
         Starting Network Service...
[[0;32m  OK  [0m] Started Network Service.
         Starting Network Name Resolution...
         Starting Wait for Network to be Configured...
[[0;32m  OK  [0m] Started Network Name Resolution.
[[0;32m  OK  [0m] Reached target Network.
[[0;32m  OK  [0m] Reached target Host and Network Name Lookups.
[[0;32m  OK  [0m] Started Wait for Network to be Configured.
         Starting Initial cloud-init job (metadata service crawler)...
[   26.326653] cloud-init[931]: Cloud-init v. 23.1.1-0ubuntu0~18.04.1 running 'init' at Thu, 27 Apr 2023 04:22:17 +0000. Up 25.32 seconds.
[   26.420606] cloud-init[931]: ci-info: +++++++++++++++++++++++++++++++++++++Net device info++++++++++++++++++++++++++++++++++++++
[   26.433211] cloud-init[931]: ci-info: +--------+------+---------------------------+---------------+--------+-------------------+
[   26.441373] cloud-init[931]: ci-info: | Device |  Up  |          Address          |      Mask     | Scope  |     Hw-Address    |
[   26.582621] cloud-init[931]: ci-info: +--------+------+---------------------------+---------------+--------+-------------------+
[   26.591423] cloud-init[931]: ci-info: | enp0s3 | True |         10.0.2.15         | 255.255.255.0 | global | 02:a3:74:7a:05:58 |
[   26.602403] cloud-init[931]: ci-info: | enp0s3 | True | fe80::a3:74ff:fe7a:558/64 |       .       |  link  | 02:a3:74:7a:05:58 |
[   26.612877] cloud-init[931]: ci-info: |   lo   | True |         127.0.0.1         |   255.0.0.0   |  host  |         .         |
[   26.622673] cloud-init[931]: ci-info: |   lo   | True |          ::1/128          |       .       |  host  |         .         |
[   26.628492] cloud-init[931]: ci-info: +--------+------+---------------------------+---------------+--------+-------------------+
[   26.651545] cloud-init[931]: ci-info: ++++++++++++++++++++++++++++Route IPv4 info+++++++++++++++++++++++++++++
[   26.662484] cloud-init[931]: ci-info: +-------+-------------+----------+-----------------+-----------+-------+
[   26.758467] cloud-init[931]: ci-info: | Route | Destination | Gateway  |     Genmask     | Interface | Flags |
[   26.910114] cloud-init[931]: ci-info: +-------+-------------+----------+-----------------+-----------+-------+
[   26.977743] cloud-init[931]: ci-info: |   0   |   0.0.0.0   | 10.0.2.2 |     0.0.0.0     |   enp0s3  |   UG  |
[   27.026297] cloud-init[931]: ci-info: |   1   |   10.0.2.0  | 0.0.0.0  |  255.255.255.0  |   enp0s3  |   U   |
[   27.034774] cloud-init[931]: ci-info: |   2   |   10.0.2.2  | 0.0.0.0  | 255.255.255.255 |   enp0s3  |   UH  |
[   27.056644] cloud-init[931]: ci-info: +-------+-------------+----------+-----------------+-----------+-------+
[   27.084369] cloud-init[931]: ci-info: +++++++++++++++++++Route IPv6 info+++++++++++++++++++
[   27.089505] cloud-init[931]: ci-info: +-------+-------------+---------+-----------+-------+
[   27.142566] cloud-init[931]: ci-info: | Route | Destination | Gateway | Interface | Flags |
[   27.164427] cloud-init[931]: ci-info: +-------+-------------+---------+-----------+-------+
[   27.286789] cloud-init[931]: ci-info: |   1   |  fe80::/64  |    ::   |   enp0s3  |   U   |
[   27.298191] cloud-init[931]: ci-info: |   3   |    local    |    ::   |   enp0s3  |   U   |
[   27.307528] cloud-init[931]: ci-info: |   4   |   ff00::/8  |    ::   |   enp0s3  |   U   |
[   27.316389] cloud-init[931]: ci-info: +-------+-------------+---------+-----------+-------+
[   30.188258] cloud-init[931]: Generating public/private rsa key pair.
[   30.199918] cloud-init[931]: Your identification has been saved in /etc/ssh/ssh_host_rsa_key.
[   30.208001] cloud-init[931]: Your public key has been saved in /etc/ssh/ssh_host_rsa_key.pub.
[   30.237848] cloud-init[931]: The key fingerprint is:
[   30.242706] cloud-init[931]: SHA256:ZH82NrPQChS6No6TFDIHRTF478JVCH5pgF7UtIMq97o root@ubuntu-bionic
[   30.248072] cloud-init[931]: The key's randomart image is:
[   30.251219] cloud-init[931]: +---[RSA 2048]----+
[   30.256178] cloud-init[931]: |  .*O=...        |
[   30.260764] cloud-init[931]: |  ooo+o+..       |
[   30.265307] cloud-init[931]: | .oo=.B.+        |
[   30.272441] cloud-init[931]: |  .= +o* . .     |
[   30.275388] cloud-init[931]: |. o..o+ S o O    |
[   30.278214] cloud-init[931]: | o oo=.. . * =   |
[   30.281788] cloud-init[931]: |    =..   . .    |
[   30.284185] cloud-init[931]: |   . .           |
[   30.286825] cloud-init[931]: |  E.             |
[   30.289513] cloud-init[931]: +----[SHA256]-----+
[   30.291780] cloud-init[931]: Generating public/private dsa key pair.
[   30.296229] cloud-init[931]: Your identification has been saved in /etc/ssh/ssh_host_dsa_key.
[   30.300467] cloud-init[931]: Your public key has been saved in /etc/ssh/ssh_host_dsa_key.pub.
[   30.304868] cloud-init[931]: The key fingerprint is:
[   30.307129] cloud-init[931]: SHA256:hhPcSzCHBNBTOGsHbA8aDzlwQBly24l6lqrweZYiDbY root@ubuntu-bionic
[   30.313790] cloud-init[931]: The key's randomart image is:
[   30.317490] cloud-init[931]: +---[DSA 1024]----+
[   30.320235] cloud-init[931]: |==*=.==..        |
[   30.323351] cloud-init[931]: |.+=+Xo.=         |
[   30.336749] cloud-init[931]: |  oBoBo o        |
[   30.339836] cloud-init[931]: | ...+ o+ .       |
[   30.342406] cloud-init[931]: |. +. .o S        |
[   30.345718] cloud-init[931]: |.=     o         |
[   30.349031] cloud-init[931]: |+o.  .           |
[   30.352275] cloud-init[931]: |+Eo.+            |
[   30.375963] cloud-init[931]: |..o+             |
[   30.500399] cloud-init[931]: +----[SHA256]-----+
[   30.504730] cloud-init[931]: Generating public/private ecdsa key pair.
[   30.516882] cloud-init[931]: Your identification has been saved in /etc/ssh/ssh_host_ecdsa_key.
[   30.522576] cloud-init[931]: Your public key has been saved in /etc/ssh/ssh_host_ecdsa_key.pub.
[   30.646025] cloud-init[931]: The key fingerprint is:
[   30.773764] cloud-init[931]: SHA256:78s7IeHc+6MJCeo1ZPmmKef4PWdCjkuxMi04YcAE6NU root@ubuntu-bionic
[   30.968731] cloud-init[931]: The key's randomart image is:
[   30.979862] cloud-init[931]: +---[ECDSA 256]---+
[   31.123878] cloud-init[931]: |+.  .            |
[   31.155393] cloud-init[931]: |+  . E           |
[   31.160031] cloud-init[931]: |o..              |
[   31.270443] cloud-init[931]: | o     ..        |
[   31.288049] cloud-init[931]: |  o   *oSo       |
[   31.341760] cloud-init[931]: | . o = ==oo      |
[   31.381157] cloud-init[[0;32m  OK  [0m] Started Initial cloud-init job (metadata service crawler).
[[0;32m  OK  [0m] Reached target Network is Online.
[[0;32m  OK  [0m] Reached target Remote File Systems (Pre).
[[0;32m  OK  [0m] Reached target Remote File Systems.
[931]: |  o = *+=..o     |
         Starting Availability of block devices...
[   31.453370] cloud-init[931]: |   o.Bo*++=..    |
[[0;32m  OK  [0m] Reached target Cloud-config availability.
[[0;32m  OK  [0m] Reached target System Initialization.
[[0;32m  OK  [0m] Listening on cloud-init hotplug hook socket.
[[0;32m  OK  [0m] Listening on UUID daemon activation socket.
[   31.487666] cloud-init[[931]: |    o=*..=B*..   |
[   31.519809] cloud-init[931]: +----[SHA256]-----+
[   31.519869] cloud-init[931]: Generating public/private ed25519 key pair.
[   31.519916] cloud-init[931]: Your identification has been saved in /etc/ssh/ssh_host_ed25519_key.
[   31.519957] cloud-init[931]: Your public key has been saved in /etc/ssh/ssh_host_ed25519_key.pub.
[   31.519998] cloud-init[931]: The key fingerprint is:
[   31.520041] cloud-init[931]: SHA256:zCRCTVl1EuTAty4GmLeE9ehftOk1FNojncmhOYpRGtA root@ubuntu-bionic
[   31.520087] cloud-init[931]: The key's randomart image is:
[   31.520127] cloud-init[931]: +--[ED25519 256]--+
[   31.520166] cloud-init[931]: |    o=.+oo=..    |
[   31.520205] cloud-init[931]: |   .  E oo.oo    |
[   31.520245] cloud-init[931]: |    .=.*...O =   |
[   31.520295] cloud-init[931]: |    +.B=. O O    |
[   31.520336] cloud-init[931]: |     + =S+ * .   |
[   31.520376] cloud-init[931]: |      + + = o    |
[   31.520416] cloud-init[931]: |       o + . .   |
[   31.520667] [0;32m  OK  [0m] Listening on ACPID Listen Socket.
cloud-init         Starting LXD - unix socket.
[[0;32m  OK  [0m] Listening on D-Bus System Message Bus Socket.
[[0;32m  OK  [0m] Started Daily apt download activities.
[[0;32m  OK  [0m] Started Daily apt upgrade and clean activities.
[[0;32m  OK  [0m] Started Discard unused blocks once a week.
[[0;32m  OK  [0m] Started Ubuntu Advantage Timer for running repeated jobs.
[[0;32m  OK  [0m] Listening on Open-iSCSI iscsid Socket.
[931]: |        . .      |[[0;32m  OK  [0m] Started ACPI Events Check.
[[0;32m  OK  [0m] Reached target Paths.
[[0;32m  OK  [0m] Started Message of the Day.
[[0;32m  OK  [0m] Started Daily Cleanup of Temporary Directories.

[[0;32m  OK  [0m] Reached target Timers.
[   31.627606] cloud-init[931]: |                 |
[   31.801078] cloud-init[931]: +----[SHA256]-----+
         Starting Socket activation for snappy daemon.
[[0;32m  OK  [0m] Started Availability of block devices.
[[0;32m  OK  [0m] Listening on LXD - unix socket.
[[0;32m  OK  [0m] Listening on Socket activation for snappy daemon.
[[0;32m  OK  [0m] Reached target Sockets.
[[0;32m  OK  [0m] Reached target Basic System.
         Starting Login Service...
[[0;32m  OK  [0m] Reached target Login Prompts (Pre).
[[0;32m  OK  [0m] Started D-Bus System Message Bus.
[[0;32m  OK  [0m] Started Deferred execution scheduler.
         Starting System Logging Service...
         Starting LSB: Record successful boot for GRUB...
         Starting LSB: automatic crash report generation...
[[0;32m  OK  [0m] Started Regular background program processing daemon.
         Starting Snap Daemon...
         Starting Dispatcher daemon for systemd-networkd...
         Starting Permit User Sessions...
         Starting Virtualbox guest utils...
         Starting Pollinate to seed the pseudo random number generator...
         Starting Accounts Service...
[[0;32m  OK  [0m] Started irqbalance daemon.
[[0;32m  OK  [0m] Started FUSE filesystem for LXC.
         Starting LXD - container startup/shutdown...
[[0;32m  OK  [0m] Started System Logging Service.
[[0;32m  OK  [0m] Started Permit User Sessions.
[[0;32m  OK  [0m] Started Login Service.
         Starting Authorization Manager...
[[0;32m  OK  [0m] Started Unattended Upgrades Shutdown.
         Starting Terminate Plymouth Boot Screen...
         Starting Hold until boot process finishes up...
[[0;32m  OK  [0m] Started Terminate Plymouth Boot Screen.
[[0;32m  OK  [0m] Started Hold until boot process finishes up.
         Starting Set console scheme...
[[0;32m  OK  [0m] Started Serial Getty on ttyS0.
[[0;32m  OK  [0m] Started LSB: automatic crash report generation.
[[0;32m  OK  [0m] Started Set console scheme.
[[0;32m  OK  [0m] Created slice system-getty.slice.
[[0;32m  OK  [0m] Started Getty on tty1.
[[0;32m  OK  [0m] Reached target Login Prompts.
[[0;32m  OK  [0m] Started Authorization Manager.
[[0;32m  OK  [0m] Started LSB: Record successful boot for GRUB.
[[0;32m  OK  [0m] Started Accounts Service.
[[0;32m  OK  [0m] Started Virtualbox guest utils.
[[0;32m  OK  [0m] Started LXD - container startup/shutdown.
[[0;32m  OK  [0m] Started Dispatcher daemon for systemd-networkd.
[[0;32m  OK  [0m] Started Snap Daemon.
         Starting Wait until snapd is fully seeded...
[[0;32m  OK  [0m] Started Pollinate to seed the pseudo random number generator.
         Starting OpenBSD Secure Shell server...
[[0;32m  OK  [0m] Started OpenBSD Secure Shell server.
[[0;32m  OK  [0m] Created slice User Slice of vagrant.
         Starting User Manager for UID 1000...
[[0;32m  OK  [0m] Started Session 1 of user vagrant.

Ubuntu 18.04.6 LTS ubuntu-bionic ttyS0

ubuntu-bionic login: [   56.938066] cloud-init[1610]: Cloud-init v. 23.1.1-0ubuntu0~18.04.1 running 'modules:config' at Thu, 27 Apr 2023 04:22:43 +0000. Up 51.36 seconds.
ci-info: no authorized SSH keys fingerprints found for user ubuntu.
<14>Apr 27 04:22:50 cloud-init: #############################################################
<14>Apr 27 04:22:50 cloud-init: -----BEGIN SSH HOST KEY FINGERPRINTS-----
<14>Apr 27 04:22:50 cloud-init: 1024 SHA256:hhPcSzCHBNBTOGsHbA8aDzlwQBly24l6lqrweZYiDbY root@ubuntu-bionic (DSA)
<14>Apr 27 04:22:50 cloud-init: 256 SHA256:78s7IeHc+6MJCeo1ZPmmKef4PWdCjkuxMi04YcAE6NU root@ubuntu-bionic (ECDSA)
<14>Apr 27 04:22:51 cloud-init: 256 SHA256:zCRCTVl1EuTAty4GmLeE9ehftOk1FNojncmhOYpRGtA root@ubuntu-bionic (ED25519)
<14>Apr 27 04:22:51 cloud-init: 2048 SHA256:ZH82NrPQChS6No6TFDIHRTF478JVCH5pgF7UtIMq97o root@ubuntu-bionic (RSA)
<14>Apr 27 04:22:51 cloud-init: -----END SSH HOST KEY FINGERPRINTS-----
<14>Apr 27 04:22:51 cloud-init: #############################################################
-----BEGIN SSH HOST KEY KEYS-----
ecdsa-sha2-nistp256 AAAAE2VjZHNhLXNoYTItbmlzdHAyNTYAAAAIbmlzdHAyNTYAAABBBABMFmA7i9pTDwBhgkVAjgr3Y9/74Sb4QpKy9ZaVDAyRHabCcs40VlMOyFFgby8EI2OSQZI+Ray23sKMFW7x1dE= root@ubuntu-bionic
ssh-ed25519 AAAAC3NzaC1lZDI1NTE5AAAAIAVeA/8dbE1eUEa5XSpWK1/HLL0GqM0MI/iUpJiiJk4V root@ubuntu-bionic
ssh-rsa AAAAB3NzaC1yc2EAAAADAQABAAABAQDP7XUs8BhQjagutmo5vodKEqWLXLYMBwBgyby0zQBaAILbJlP+Hxuaq4j2tUtdgp0QRomdjA3FhBi8mOvIln0KLgQlC/enIttNTPRktX9I+ThKpmOR6DRGXJvvJEJMyLBlJBxNaicB3plZvEBr6v04QCPz7f5zil7+ey1iw1yONPufXOeazVTaeeVJUgp4BDyymjrwV8gD2I6QKEkZMwfqzlRgpFp7Ji3k37SSO84kLsBKqICgfSCaKnzju6fUO0bleUq4vVB24dZ0KW4YIZkR1WuS9hA4R95SLc7Vqk3CafdkKZEDQZpuZKLJYFc31QjRveWKjHe7PRrRRyvOhAfF root@ubuntu-bionic
-----END SSH HOST KEY KEYS-----
[   59.028736] cloud-init[1783]: Cloud-init v. 23.1.1-0ubuntu0~18.04.1 running 'modules:final' at Thu, 27 Apr 2023 04:22:50 +0000. Up 58.39 seconds.
[   59.049481] cloud-init[1783]: Cloud-init v. 23.1.1-0ubuntu0~18.04.1 finished at Thu, 27 Apr 2023 04:22:51 +0000. Datasource DataSourceNoCloud [seed=/dev/sdb][dsmode=net].  Up 58.94 seconds
